hello, "world"!
you should see this 3 times
you should see this 3 times
you should see this 3 times
4
