21
56
212
213
312
100
312
112
112
you should see this twice
you should see this twice
180
180
you should see this twice
you should see this twice
281
281
