effect 1
uwu
effect 3
owo
effect 3
owo
effect 3
owo
effect 3
owo
owo
owo
owo
owo
owo
owo
owo
effect 3
effect 2
asdf
effect 2
effect 3
bsdf
effect 2
effect 2
effect 2
effect 2
effect 2
effect 1
ok
effect 1
effect 1
effect 1
effect 1
effect 1
effect 1
ok
kekw
