6
-6
-6
6
420
true
false
69
false
true
69
false
true
69
