your integer was:
69
your boolean was:
true
your string was:
hello world
done
higher
lower
lower
lower
higher
lower
lower
uwu
tries:
8
